
AcquiringASingleImageInALoopExample  examples/acquiring-a-single-image-in-a-loop.html
LoggingVideoToDiskExample  examples/logging-video-to-disk.html
AcquiringASingleImageInALoopExample  ug/acquiring-a-single-image-in-a-loop.html
LoggingVideoToDiskExample  ug/logging-video-to-disk.html
DetectAndPlotWaterLevelChangeUSBWebcamLiveEditorTaskExample  ug/detect-plot-water-level-change-with-usb-webcam-live-editor-task.html
CloseWebcamPreviewExample  ug/webcam.closepreview.html#buerj2g-4
PreviewWebcamImageExample  ug/webcam.preview.html#buerkej-4
PreviewWebcamImageWithCustomWindowExample  ug/webcam.preview.html#mw_2f34fba1-533e-4f20-8180-cb2e5fa46fa3
AcquireOneImageFrameFromWebcamExample  ug/webcam.snapshot.html#buerk8_-4
CreateAWebcamObjectUsingNoArgumentsExample  ug/webcam.html#buerllq-5
CreateAWebcamObjectUsingDeviceNumberAsAnIndexExample  ug/webcam.html#buerllq-6
CreateAWebcamObjectUsingCameraNameExample  ug/webcam.html#buerllq-7
DisplaySingleWebcamExample  ug/webcamlist.html#buerlx3-4
DisplayMultipleExternalWebcamsExample  ug/webcamlist.html#buerlx3-6
AcquireWebcamImageLET  ug/acquirewebcamimage.html
usbwebcams_doccenter-examplelandingpage examples.html